// Jest Snapshot v1, https://goo.gl/fbAQLP

exports[`<Question /> should match snapshot 1`] = `
<div
  className="mb-2 flex flex-col items-center p-4 bg-green-100"
>
  <svg
    aria-hidden="true"
    className="h-5 w-5 text-green-500"
    fill="currentColor"
    viewBox="0 0 20 20"
    xmlns="http://www.w3.org/2000/svg"
  >
    <path
      clipRule="evenodd"
      d="M10 18a8 8 0 100-16 8 8 0 000 16zm3.707-9.293a1 1 0 00-1.414-1.414L9 10.586 7.707 9.293a1 1 0 00-1.414 1.414l2 2a1 1 0 001.414 0l4-4z"
      fillRule="evenodd"
    />
  </svg>
  <p
    className="text-slate-600 text-base my-2"
  >
    Is this a test question?
  </p>
</div>
`;
